// Jest Snapshot v1, https://goo.gl/fbAQLP

exports[`BlockListStream tests to see that the BlockListStreamComponent is rendering a list of blocks 1`] = `
<div>
  <Button
    className="refreshRecentBlocks"
    node="button"
    onClick={[Function]}
  >
    Load
  </Button>
  <ul>
    <BlockModal
      block={
        Object {
          "__typename": "Block",
          "action_mroot": "460911ed2fcfe387eae38d7fa00c2b1c2b09caaa0292281d6a66aa891076ed41",
          "block_mroot": "6c6afdb6f5a80d1461a6f5c964da7163ee7b851d8b6d53592110003653420ae9",
          "block_num": 8425,
          "error": "",
          "input_transactions": 0,
          "previous": "000020e838ed27800e8b8618de018ab1936a63d1b973eabd44cbb836528aff25",
          "producer": "eosio",
          "schedule_version": 0,
          "timestamp": "2018-04-25T19:15:18.500",
          "transaction_mroot": "d6a18ad9a017ef31376289aeceaf41369abc1ab3291a949e57d52295a219a580",
        }
      }
      index={0}
      key="block#8425_outer_container#0"
    />
    <BlockModal
      block={
        Object {
          "__typename": "Block",
          "action_mroot": "460911ed2fcfe387eae38d7fa00c2b1c2b09caaa0292281d6a66aa891076ed41",
          "block_mroot": "6c6afdb6f5a80d1461a6f5c964da7163ee7b851d8b6d53592110003653420ae9",
          "block_num": 8425,
          "error": "",
          "input_transactions": 0,
          "previous": "000020e838ed27800e8b8618de018ab1936a63d1b973eabd44cbb836528aff25",
          "producer": "eosio",
          "schedule_version": 0,
          "timestamp": "2018-04-25T19:15:18.500",
          "transaction_mroot": "d6a18ad9a017ef31376289aeceaf41369abc1ab3291a949e57d52295a219a580",
        }
      }
      index={1}
      key="block#8425_outer_container#1"
    />
    <BlockModal
      block={
        Object {
          "__typename": "Block",
          "action_mroot": "460911ed2fcfe387eae38d7fa00c2b1c2b09caaa0292281d6a66aa891076ed41",
          "block_mroot": "6c6afdb6f5a80d1461a6f5c964da7163ee7b851d8b6d53592110003653420ae9",
          "block_num": 8425,
          "error": "",
          "input_transactions": 0,
          "previous": "000020e838ed27800e8b8618de018ab1936a63d1b973eabd44cbb836528aff25",
          "producer": "eosio",
          "schedule_version": 0,
          "timestamp": "2018-04-25T19:15:18.500",
          "transaction_mroot": "d6a18ad9a017ef31376289aeceaf41369abc1ab3291a949e57d52295a219a580",
        }
      }
      index={2}
      key="block#8425_outer_container#2"
    />
    <BlockModal
      block={
        Object {
          "__typename": "Block",
          "action_mroot": "460911ed2fcfe387eae38d7fa00c2b1c2b09caaa0292281d6a66aa891076ed41",
          "block_mroot": "6c6afdb6f5a80d1461a6f5c964da7163ee7b851d8b6d53592110003653420ae9",
          "block_num": 8425,
          "error": "",
          "input_transactions": 0,
          "previous": "000020e838ed27800e8b8618de018ab1936a63d1b973eabd44cbb836528aff25",
          "producer": "eosio",
          "schedule_version": 0,
          "timestamp": "2018-04-25T19:15:18.500",
          "transaction_mroot": "d6a18ad9a017ef31376289aeceaf41369abc1ab3291a949e57d52295a219a580",
        }
      }
      index={3}
      key="block#8425_outer_container#3"
    />
    <BlockModal
      block={
        Object {
          "__typename": "Block",
          "action_mroot": "460911ed2fcfe387eae38d7fa00c2b1c2b09caaa0292281d6a66aa891076ed41",
          "block_mroot": "6c6afdb6f5a80d1461a6f5c964da7163ee7b851d8b6d53592110003653420ae9",
          "block_num": 8425,
          "error": "",
          "input_transactions": 0,
          "previous": "000020e838ed27800e8b8618de018ab1936a63d1b973eabd44cbb836528aff25",
          "producer": "eosio",
          "schedule_version": 0,
          "timestamp": "2018-04-25T19:15:18.500",
          "transaction_mroot": "d6a18ad9a017ef31376289aeceaf41369abc1ab3291a949e57d52295a219a580",
        }
      }
      index={4}
      key="block#8425_outer_container#4"
    />
    <BlockModal
      block={
        Object {
          "__typename": "Block",
          "action_mroot": "460911ed2fcfe387eae38d7fa00c2b1c2b09caaa0292281d6a66aa891076ed41",
          "block_mroot": "6c6afdb6f5a80d1461a6f5c964da7163ee7b851d8b6d53592110003653420ae9",
          "block_num": 8425,
          "error": "",
          "input_transactions": 0,
          "previous": "000020e838ed27800e8b8618de018ab1936a63d1b973eabd44cbb836528aff25",
          "producer": "eosio",
          "schedule_version": 0,
          "timestamp": "2018-04-25T19:15:18.500",
          "transaction_mroot": "d6a18ad9a017ef31376289aeceaf41369abc1ab3291a949e57d52295a219a580",
        }
      }
      index={5}
      key="block#8425_outer_container#5"
    />
    <BlockModal
      block={
        Object {
          "__typename": "Block",
          "action_mroot": "460911ed2fcfe387eae38d7fa00c2b1c2b09caaa0292281d6a66aa891076ed41",
          "block_mroot": "6c6afdb6f5a80d1461a6f5c964da7163ee7b851d8b6d53592110003653420ae9",
          "block_num": 8425,
          "error": "",
          "input_transactions": 0,
          "previous": "000020e838ed27800e8b8618de018ab1936a63d1b973eabd44cbb836528aff25",
          "producer": "eosio",
          "schedule_version": 0,
          "timestamp": "2018-04-25T19:15:18.500",
          "transaction_mroot": "d6a18ad9a017ef31376289aeceaf41369abc1ab3291a949e57d52295a219a580",
        }
      }
      index={6}
      key="block#8425_outer_container#6"
    />
    <BlockModal
      block={
        Object {
          "__typename": "Block",
          "action_mroot": "460911ed2fcfe387eae38d7fa00c2b1c2b09caaa0292281d6a66aa891076ed41",
          "block_mroot": "6c6afdb6f5a80d1461a6f5c964da7163ee7b851d8b6d53592110003653420ae9",
          "block_num": 8425,
          "error": "",
          "input_transactions": 0,
          "previous": "000020e838ed27800e8b8618de018ab1936a63d1b973eabd44cbb836528aff25",
          "producer": "eosio",
          "schedule_version": 0,
          "timestamp": "2018-04-25T19:15:18.500",
          "transaction_mroot": "d6a18ad9a017ef31376289aeceaf41369abc1ab3291a949e57d52295a219a580",
        }
      }
      index={7}
      key="block#8425_outer_container#7"
    />
    <BlockModal
      block={
        Object {
          "__typename": "Block",
          "action_mroot": "460911ed2fcfe387eae38d7fa00c2b1c2b09caaa0292281d6a66aa891076ed41",
          "block_mroot": "6c6afdb6f5a80d1461a6f5c964da7163ee7b851d8b6d53592110003653420ae9",
          "block_num": 8425,
          "error": "",
          "input_transactions": 0,
          "previous": "000020e838ed27800e8b8618de018ab1936a63d1b973eabd44cbb836528aff25",
          "producer": "eosio",
          "schedule_version": 0,
          "timestamp": "2018-04-25T19:15:18.500",
          "transaction_mroot": "d6a18ad9a017ef31376289aeceaf41369abc1ab3291a949e57d52295a219a580",
        }
      }
      index={8}
      key="block#8425_outer_container#8"
    />
    <BlockModal
      block={
        Object {
          "__typename": "Block",
          "action_mroot": "460911ed2fcfe387eae38d7fa00c2b1c2b09caaa0292281d6a66aa891076ed41",
          "block_mroot": "6c6afdb6f5a80d1461a6f5c964da7163ee7b851d8b6d53592110003653420ae9",
          "block_num": 8425,
          "error": "",
          "input_transactions": 0,
          "previous": "000020e838ed27800e8b8618de018ab1936a63d1b973eabd44cbb836528aff25",
          "producer": "eosio",
          "schedule_version": 0,
          "timestamp": "2018-04-25T19:15:18.500",
          "transaction_mroot": "d6a18ad9a017ef31376289aeceaf41369abc1ab3291a949e57d52295a219a580",
        }
      }
      index={9}
      key="block#8425_outer_container#9"
    />
  </ul>
</div>
`;
